view_default                  0
view_private                  1
view_internal                 2         view_private
view_internals_guangzhou      3         view_private
view_internals_huabei         4         view_private
view_internals_suqian         5         view_private
view_search                   6
view_google_search            7         view_search
view_baidu_search             8         view_search
view_360_search               9         view_search
view_yahoo_search             10        view_search
view_world                    11
view_asia                     12        view_world
view_europe                   13        view_world
view_africa                   14        view_world
view_northern_america         15        view_world
view_latin_america            16        view_world
view_oceania                  17        view_world
view_america                  18        view_northern_america
view_canada                   19        view_northern_america
view_mexico                   20        view_northern_america
view_brazil                   21        view_latin_america
view_argentina                22        view_latin_america
view_chile                    23        view_latin_america
view_peru                     24        view_latin_america
view_bolivia                  25        view_latin_america
view_venezuela                26        view_latin_america
view_colombia                 27        view_latin_america
view_ecuador                  28        view_latin_america
view_panama                   29        view_latin_america
view_paraguay                 30        view_latin_america
view_uruguay                  31        view_latin_america
view_australia                32        view_oceania
view_newzealand               33        view_oceania
view_south_africa             34        view_africa
view_egypt                    35        view_africa
view_austria                  36        view_europe
view_denmark                  37        view_europe
view_england                  38        view_europe
view_finland                  39        view_europe
view_france                   40        view_europe
view_greece                   41        view_europe
view_german                   42        view_europe
view_italy                    43        view_europe
view_netherlands              44        view_europe
view_norway                   45        view_europe
view_portugal                 46        view_europe
view_russia_world             47        view_europe
view_spain                    48        view_europe
view_sweden                   49        view_europe
view_switzerland              50        view_europe
view_turkey                   51        view_europe
view_ukraine                  52        view_europe
view_romania                  53        view_europe
view_cambodia                 54        view_asia
view_india                    55        view_asia
view_indonesia                56        view_asia
view_japan                    57        view_asia
view_kazakhstan               58        view_asia
view_korea                    59        view_asia
view_laos                     60        view_asia
view_malaysia                 61        view_asia
view_maldives                 62        view_asia
view_myanmar                  63        view_asia
view_nepal                    64        view_asia
view_pakistan                 65        view_asia
view_philippines              66        view_asia
view_saudi_arabia             67        view_asia
view_singapore                68        view_asia
view_united_arab_emirates     69        view_asia
view_vietnam                  70        view_asia
view_thailand                 71        view_asia
view_hk_mo_tw                 72
view_xianggang                73        view_hk_mo_tw
view_aomen                    74        view_hk_mo_tw
view_taiwan                   75        view_hk_mo_tw
view_btte                     76
view_cernet                   77
view_ctt                      78
view_fder                     79
view_huashu                   80
view_ix                       81
view_topway                   82        view_ix
view_citic_ix                 83        view_ix
view_ocn                      84        view_ix
view_arpa_ix                  85        view_ix
view_chn_ix                   86        view_ix
view_ean_ix                   87        view_ix
view_fder_ix                  88        view_ix
view_gdxc_ix                  89        view_ix
view_heilongjiangbctv_ix      90        view_ix
view_henanbctv_ix             91        view_ix
view_ks_ix                    92        view_ix
view_shanghaiwexch_ix         93        view_ix
view_beijingwexch_ix          94        view_ix
view_guangzhouwexch_ix        95        view_ix
view_beijinghk_ix             96        view_ix
view_beijingcernet_ix         97        view_ix
view_beijinghs_ix             98        view_ix
view_beijingthht_ix           99        view_ix
view_beijingltjx_ix           100       view_ix
view_beijingxh_ix             101       view_ix
view_beijingpm_ix             102       view_ix
view_beijingls_ix             103       view_ix
view_beijingdfwx_ix           104       view_ix
view_beijingslt_ix            105       view_ix
view_beijingbkkj_ix           106       view_ix
view_beijingssy_ix            107       view_ix
view_beijingshs_ix            108       view_ix
view_wlgt_ix                  109       view_ix
view_wsjy_ix                  110       view_ix
view_yctx_ix                  111       view_ix
view_yhlm_ix                  112       view_ix
view_cqgd_ix                  113       view_ix
view_kunmingbctv_ix           114       view_ix
view_hebeibctv_ix             115       view_ix
view_shanghaidjnet_ix         116       view_ix
view_beijingbgctv_ix          117       view_ix
view_xinjiangbctv_ix          118       view_ix
view_guangzhoubctv_ix         119       view_ix
view_guangxibctv_ix           120       view_ix
view_highway_ix               121       view_ix
view_huashucm_ix              122       view_ix
view_wanweiyl_ix              123       view_ix
view_shanghaibtte_ix          124       view_ix
view_huashucloud_ix           125       view_ix
view_other                    126
view_cmcc                     127
view_cnc                      128
view_ct                       129
view_bctv                     130
view_other_cmcc               131       view_cmcc
view_other_cnc                132       view_cnc
view_other_ct                 133       view_ct
view_other_bctv               134       view_bctv
view_anhui_cmcc               135       view_cmcc
view_fujian_cmcc              136       view_cmcc
view_jiangsu_cmcc             137       view_cmcc
view_jiangxi_cmcc             138       view_cmcc
view_shandong_cmcc            139       view_cmcc
view_shanghai_cmcc            140       view_cmcc
view_zhejiang_cmcc            141       view_cmcc
view_guangxi_cmcc             142       view_cmcc
view_guangdong_cmcc           143       view_cmcc
view_hainan_cmcc              144       view_cmcc
view_henan_cmcc               145       view_cmcc
view_hubei_cmcc               146       view_cmcc
view_hunan_cmcc               147       view_cmcc
view_beijing_cmcc             148       view_cmcc
view_hebei_cmcc               149       view_cmcc
view_neimenggu_cmcc           150       view_cmcc
view_shanxi_cmcc              151       view_cmcc
view_tianjin_cmcc             152       view_cmcc
view_chongqing_cmcc           153       view_cmcc
view_guizhou_cmcc             154       view_cmcc
view_sichuan_cmcc             155       view_cmcc
view_yunnan_cmcc              156       view_cmcc
view_xizang_cmcc              157       view_cmcc
view_gansu_cmcc               158       view_cmcc
view_ningxia_cmcc             159       view_cmcc
view_qinghai_cmcc             160       view_cmcc
view_sshanxi_cmcc             161       view_cmcc
view_xinjiang_cmcc            162       view_cmcc
view_heilongjiang_cmcc        163       view_cmcc
view_jilin_cmcc               164       view_cmcc
view_liaoning_cmcc            165       view_cmcc
view_anhui_cnc                166       view_cnc
view_fujian_cnc               167       view_cnc
view_jiangsu_cnc              168       view_cnc
view_jiangxi_cnc              169       view_cnc
view_shandong_cnc             170       view_cnc
view_shanghai_cnc             171       view_cnc
view_zhejiang_cnc             172       view_cnc
view_guangxi_cnc              173       view_cnc
view_guangdong_cnc            174       view_cnc
view_hainan_cnc               175       view_cnc
view_henan_cnc                176       view_cnc
view_hubei_cnc                177       view_cnc
view_hunan_cnc                178       view_cnc
view_beijing_cnc              179       view_cnc
view_hebei_cnc                180       view_cnc
view_neimenggu_cnc            181       view_cnc
view_shanxi_cnc               182       view_cnc
view_tianjin_cnc              183       view_cnc
view_chongqing_cnc            184       view_cnc
view_guizhou_cnc              185       view_cnc
view_sichuan_cnc              186       view_cnc
view_xizang_cnc               187       view_cnc
view_yunnan_cnc               188       view_cnc
view_gansu_cnc                189       view_cnc
view_ningxia_cnc              190       view_cnc
view_qinghai_cnc              191       view_cnc
view_sshanxi_cnc              192       view_cnc
view_xinjiang_cnc             193       view_cnc
view_heilongjiang_cnc         194       view_cnc
view_jilin_cnc                195       view_cnc
view_liaoning_cnc             196       view_cnc
view_anhui_ct                 197       view_ct
view_fujian_ct                198       view_ct
view_jiangsu_ct               199       view_ct
view_jiangxi_ct               200       view_ct
view_shandong_ct              201       view_ct
view_shanghai_ct              202       view_ct
view_zhejiang_ct              203       view_ct
view_guangxi_ct               204       view_ct
view_guangdong_ct             205       view_ct
view_hainan_ct                206       view_ct
view_henan_ct                 207       view_ct
view_hubei_ct                 208       view_ct
view_hunan_ct                 209       view_ct
view_beijing_ct               210       view_ct
view_hebei_ct                 211       view_ct
view_neimenggu_ct             212       view_ct
view_shanxi_ct                213       view_ct
view_tianjin_ct               214       view_ct
view_chongqing_ct             215       view_ct
view_guizhou_ct               216       view_ct
view_sichuan_ct               217       view_ct
view_xizang_ct                218       view_ct
view_yunnan_ct                219       view_ct
view_gansu_ct                 220       view_ct
view_ningxia_ct               221       view_ct
view_qinghai_ct               222       view_ct
view_sshanxi_ct               223       view_ct
view_xinjiang_ct              224       view_ct
view_heilongjiang_ct          225       view_ct
view_jilin_ct                 226       view_ct
view_liaoning_ct              227       view_ct
view_shandong_bctv            228       view_bctv
view_guangdong_bctv           229       view_bctv
view_neimenggu_bctv           230       view_bctv
view_chongqing_bctv           231       view_bctv
view_guizhou_bctv             232       view_bctv
view_sichuan_bctv             233       view_bctv
view_ningxia_bctv             234       view_bctv
view_sshanxi_bctv             235       view_bctv
view_hubei_bctv               236       view_bctv
view_jilin_bctv               237       view_bctv
view_liaoning_bctv            238       view_bctv
view_beijing_citic            239
view_wexch_ix                 240       view_ix
